npx : [33mYou are 
using Node.js 20.15.0. 
Vite requires Node.js 
version 20.19+ or 
22.12+. Please upgrade 
your Node.js 
version.[39m
At line:1 char:1
+ npx vite build > 
build_output.txt 2>&1
+ ~~~~~~~~~~~~~~~~~~~~~
~~~~~~~~~~~~~~~~~
    + CategoryInfo     
         : NotSpecifi  
  ed: ([33mYou are    
 us...s version.[3    
9m:String) [], Rem    
oteException
    + FullyQualifiedEr 
   rorId : NativeComm  
  andError
 
[36mvite v7.3.1 [32mbuilding client environment for production...[36m[39m
transforming...
[32mΓ£ô[39m 9 modules transformed.
[31mΓ£ù[39m Build 
failed in 1.20s
[31merror during 
build:
[31m[vite:css] 
[postcss] C:/Users/DELL
/Desktop/Paddel/client/
src/index.css:32:5: 
The `shadow-[0_8px_32px
_0_rgba(15,` class 
does not exist. If `sha
dow-[0_8px_32px_0_rgba(
15,` is a custom 
class, make sure it is 
defined within a 
`@layer` 
directive.[31m
file: [36mC:/Users/DEL
L/Desktop/Paddel/client
/src/index.css:32:4[31
m
    at Input.error (C:\
Users\DELL\Desktop\Padd
el\client\node_modules\
postcss\lib\input.js:13
5:16)
    at AtRule.error (C:
\Users\DELL\Desktop\Pad
del\client\node_modules
\postcss\lib\node.js:14
6:32)
    at processApply (C:
\Users\DELL\Desktop\Pad
del\client\node_modules
\tailwindcss\lib\lib\ex
pandApplyAtRules.js:380
:29)
    at C:\Users\DELL\De
sktop\Paddel\client\nod
e_modules\tailwindcss\l
ib\lib\expandApplyAtRul
es.js:551:9
    at C:\Users\DELL\De
sktop\Paddel\client\nod
e_modules\tailwindcss\l
ib\processTailwindFeatu
res.js:55:50
    at async plugins (C
:\Users\DELL\Desktop\Pa
ddel\client\node_module
s\tailwindcss\lib\plugi
n.js:38:17)
    at async 
LazyResult.runAsync (C:
\Users\DELL\Desktop\Pad
del\client\node_modules
\postcss\lib\lazy-resul
t.js:293:11)
    at async 
runPostCSS (file:///C:/
Users/DELL/Desktop/Padd
el/client/node_modules/
vite/dist/node/chunks/c
onfig.js:30145:19)
    at async 
compilePostCSS (file://
/C:/Users/DELL/Desktop/
Paddel/client/node_modu
les/vite/dist/node/chun
ks/config.js:30129:6)
    at async 
compileCSS (file:///C:/
Users/DELL/Desktop/Padd
el/client/node_modules/
vite/dist/node/chunks/c
onfig.js:30059:26)[39m
